
flutter : Support 
for Android x86 
targets will be 
removed in the next 
stable release after 
3.27. See https://git
hub.com/flutter/flutt
er/issues/157543 for 
details.
At line:1 char:1
+ flutter build apk 
--debug > 
build_output.txt 2>&1
+ ~~~~~~~~~~~~~~~~~~~
~~~~~~~~~~~~~~~~~~~~~
~~~~~~~~~
    + CategoryInfo   
           : NotSpe  
  cified: (Support   
  for And...43 fo    
r details.:Strin    
g) [], RemoteExc    
eption
    + FullyQualified 
   ErrorId : Native  
  CommandError
 
Running Gradle task 'assembleDebug'...                             35.1s
Gradle build failed 
to produce an .apk 
file. It's likely 
that this file was 
generated under 
D:\Final Year 
Project\FYP Frontend\
yourtales\build, but 
the tool couldn't 
find it.
